// Jest Snapshot v1, https://goo.gl/fbAQLP

exports[`NewPolPage should render the NewPolPage component 1`] = `
Object {
  "asFragment": [Function],
  "baseElement": <body>
    <div>
      <div
        class="container-fluid"
      >
        <h1
          class="font-bold "
        >
          New Poll
        </h1>
        <form>
          <div
            class="form-outline mb-4"
          >
            <label
              class="form-label"
              data-testid="firstOptionLabel"
              for="firstOption"
            >
              First Option
            </label>
            <input
              class="form-control"
              data-testid="firstOption"
              id="firstOption"
              type="text"
              value=""
            />
          </div>
          <div
            class="form-outline mb-4"
          >
            <label
              class="form-label"
              data-testid="secondOptionLabel"
              for="secondOption"
            >
              Second Option
            </label>
            <input
              class="form-control"
              data-testid="secondOption"
              id="secondOption"
              type="text"
              value=""
            />
          </div>
          <button
            class="btn btn-primary btn-block mb-4"
            data-testid="submit"
            type="submit"
          >
            Submit
          </button>
        </form>
      </div>
    </div>
  </body>,
  "container": <div>
    <div
      class="container-fluid"
    >
      <h1
        class="font-bold "
      >
        New Poll
      </h1>
      <form>
        <div
          class="form-outline mb-4"
        >
          <label
            class="form-label"
            data-testid="firstOptionLabel"
            for="firstOption"
          >
            First Option
          </label>
          <input
            class="form-control"
            data-testid="firstOption"
            id="firstOption"
            type="text"
            value=""
          />
        </div>
        <div
          class="form-outline mb-4"
        >
          <label
            class="form-label"
            data-testid="secondOptionLabel"
            for="secondOption"
          >
            Second Option
          </label>
          <input
            class="form-control"
            data-testid="secondOption"
            id="secondOption"
            type="text"
            value=""
          />
        </div>
        <button
          class="btn btn-primary btn-block mb-4"
          data-testid="submit"
          type="submit"
        >
          Submit
        </button>
      </form>
    </div>
  </div>,
  "debug": [Function],
  "findAllByAltText": [Function],
  "findAllByDisplayValue": [Function],
  "findAllByLabelText": [Function],
  "findAllByPlaceholderText": [Function],
  "findAllByRole": [Function],
  "findAllByTestId": [Function],
  "findAllByText": [Function],
  "findAllByTitle": [Function],
  "findByAltText": [Function],
  "findByDisplayValue": [Function],
  "findByLabelText": [Function],
  "findByPlaceholderText": [Function],
  "findByRole": [Function],
  "findByTestId": [Function],
  "findByText": [Function],
  "findByTitle": [Function],
  "getAllByAltText": [Function],
  "getAllByDisplayValue": [Function],
  "getAllByLabelText": [Function],
  "getAllByPlaceholderText": [Function],
  "getAllByRole": [Function],
  "getAllByTestId": [Function],
  "getAllByText": [Function],
  "getAllByTitle": [Function],
  "getByAltText": [Function],
  "getByDisplayValue": [Function],
  "getByLabelText": [Function],
  "getByPlaceholderText": [Function],
  "getByRole": [Function],
  "getByTestId": [Function],
  "getByText": [Function],
  "getByTitle": [Function],
  "queryAllByAltText": [Function],
  "queryAllByDisplayValue": [Function],
  "queryAllByLabelText": [Function],
  "queryAllByPlaceholderText": [Function],
  "queryAllByRole": [Function],
  "queryAllByTestId": [Function],
  "queryAllByText": [Function],
  "queryAllByTitle": [Function],
  "queryByAltText": [Function],
  "queryByDisplayValue": [Function],
  "queryByLabelText": [Function],
  "queryByPlaceholderText": [Function],
  "queryByRole": [Function],
  "queryByTestId": [Function],
  "queryByText": [Function],
  "queryByTitle": [Function],
  "rerender": [Function],
  "unmount": [Function],
}
`;
